// Jest Snapshot v1, https://goo.gl/fbAQLP

exports[`Testing Index Component should render correctly 1`] = `ShallowWrapper {}`;
